C51 COMPILER V8.18   MAIN                                                                  10/24/2013 12:06:05 PAGE 1   


C51 COMPILER V8.18, COMPILATION OF MODULE MAIN
OBJECT MODULE PLACED IN .\output\main.obj
COMPILER INVOKED BY: E:\Keil\C51\BIN\C51.EXE sourcecode\main.c BROWSE DEBUG OBJECTEXTEND PRINT(.\list\main.lst) OBJECT(.
                    -\output\main.obj)

line level    source

   1          
   2          #include<REG52.H> 
   3          
   4          /*
   5          //#include <INTRINS.H>    
   6          //#include <ABSACC.H>  
   7          //#include <STRING.H>
   8          //#include <NO-STDIO.H>
   9          */
  10          
  11          #include "stc12l5612.h"
  12          #include "PCA.H"
  13          #include "W25X.H"
  14          #include "SpeakVox.h"
  15          #include "ATE_Shell.h"
  16          
  17          #include "delay.h"
  18          #include "ut_debug.h"
  19          
  20          #include"speakctl.h"
  21          #include "uart.h"
  22            
  23           unsigned int T0_count;
  24          
  25          ///////////////////////////////////////////////////////////////////////////
  26          /********************************/
  27          unsigned char code VERSION_NO[]="SpeakPCM V1.1.0 for LC301.";
  28          /********************************/
  29          void main()
  30          {
  31   1              #if 0
                      unsigned long ulCCC = 1000;
                      if(ulCCC<1024*100)
                      ((uchar*)&ulCCC)[0] = 0;
                      ((uchar*)&ulCCC)[1] = 1;
                      ((uchar*)&ulCCC)[2] = 2;
                      ((uchar*)&ulCCC)[3] = 3;
                      #endif
  39   1      
  40   1          IE = 0;   
  41   1          P0 = 0xFF;   
  42   1          P1 = 0xFF;   
  43   1          P2 = 0xFF;   
  44   1          P3 = 0xFF;   
  45   1      //    P4 = 0xFF;   
  46   1              P3M0=0x00;      //标准8051准双向口
  47   1              P3M1=0x00;      //
  48   1      
  49   1              P2M0=0x00;      //配置为标准8051准双向口
  50   1              P2M1=0x00;
  51   1      
  52   1              P1M0=0x00;      //配置为标准8051准双向口
  53   1              P1M1=0x00;
  54   1      
C51 COMPILER V8.18   MAIN                                                                  10/24/2013 12:06:05 PAGE 2   

  55   1              P0M0=0x00;      //配置为标准8051准双向口
  56   1              P0M1=0x00;
  57   1         
  58   1              EA = 1;
  59   1      
  60   1              led2 = 1;                //关指示灯LED1、LED2
  61   1              led1 = 1;                //
  62   1              P33 = 0;
  63   1      
  64   1              DEBUG_INIT_();
  65   1      #if 0 
                      // ATE部分代码的调试（SPI、PCA未能用）
                      ATE_init();
                      ATE_main();
              
                      DEBUG_PUTS_("sleep 1s\n");
                      SleepMs(1000);
              
                      DEBUG_PUTS_("sleep 5s\n");
                      SleepMs(5000);
              
                      DEBUG_PUTS_("sleep 10s\n");
                      SleepMs(10000);
              
                      DEBUG_PUTS_("sleep end\n");
              #endif
  81   1      
  82   1              ATE_init();
  83   1              SPI_init();
  84   1              PCA_init();
  85   1      
  86   1              DEBUG_PUTS_("Start up....\n");
  87   1      
  88   1        // 用内置的语音样本测试PCA
  89   1         PCA_Test_SampleVox();   DEBUG_PUTS_("Beep....\n");
  90   1         PCA_Test_SampleVox();   DEBUG_PUTS_("Beep....\n");
  91   1         PCA_Test_SampleVox();   DEBUG_PUTS_("Beep....\n");
  92   1      
  93   1      #if 0
                      // 测试flash中所有语音（调试时用）
                 led2=1;
                 Test_All_Vox_ID();
                 DEBUG_PUTS_("All Vox Test Done!\n");
              #endif
  99   1      
 100   1              // 尝试进入异步终端，下载flash、测试......
 101   1              led2=0;                                                 //编程指示灯亮
 102   1              ATE_main();
 103   1              led2=1;                                                 //编程指示灯灭
 104   1      
 105   1              // 测试Flash中的‘你好’
 106   1              Vox_PlayList_Add( ID_NiHao );
 107   1              Vox_Wait_AllPlayDone();
 108   1              led1=1;                                                 //语音指示灯灭
 109   1      
 110   1              uart_int();
 111   1              T0_int();
 112   1              // 主循环
 113   1              while(1)
 114   1              {
 115   2                      if(TF0)                                           //定时器溢出查询
 116   2                      {
C51 COMPILER V8.18   MAIN                                                                  10/24/2013 12:06:05 PAGE 3   

 117   3                              TF0=0;
 118   3                              T0_count++;
 119   3                              UART_timeout_count++;
 120   3                              if(T0_count==0xffff)
 121   3                              {       
 122   4                                      T0_count=0;
 123   4                                      fThanksSpeaked=0;
 124   4                              }
 125   3                              if(UART_timeout_count==6)
 126   3                              {
 127   4                                      UART_timeout_count=0;
 128   4                                      RESET_RX;
 129   4                              }                                       
 130   3                                      // 重装定时器
 131   3                              TF0=0;
 132   3                              TR0=0;
 133   3                              TL0=0;   
 134   3                              TH0=0;       
 135   3                              TR0=1;
 136   3                      }
 137   2                      if(comm_Stored)                            //串口有数据更新
 138   2                      {
 139   3                              comm_Stored=0;
 140   3                              Vox_Dismiss_Play();
 141   3                              Dataprocess();
 142   3                      }
 143   2                      Vox_Prepare_PlayCode();                 //播放语音
 144   2              }
 145   1      }
 146          


MODULE INFORMATION:   STATIC OVERLAYABLE
   CODE SIZE        =    192    ----
   CONSTANT SIZE    =     51    ----
   XDATA SIZE       =   ----    ----
   PDATA SIZE       =   ----    ----
   DATA SIZE        =      2    ----
   IDATA SIZE       =   ----    ----
   BIT SIZE         =   ----    ----
END OF MODULE INFORMATION.


C51 COMPILATION COMPLETE.  0 WARNING(S),  0 ERROR(S)
